// Jest Snapshot v1, https://goo.gl/fbAQLP

exports[`<Button /> matches the snapshot 1`] = `
<button
  aria-hidden={false}
  type="button"
/>
`;
